// Jest Snapshot v1, https://jestjs.io/docs/snapshot-testing

exports[`FeatureHighlight renders and matches snapshot 1`] = `
<DocumentFragment>
  <div
    aria-describedby=":r0:"
    aria-label="Test Feature"
    class="relative flex items-center gap-2 text-xs sm:text-sm text-neutral-400 group cursor-pointer transition-all duration-300 hover:text-white hover:scale-105"
    role="button"
    style="transition-delay: 0ms;"
    tabindex="0"
  >
    <div
      class="flex items-center justify-center w-8 h-8 rounded-full bg-gradient-to-br from-blue-400/30 to-blue-200/10 transition-all duration-300 shadow-md"
    >
      <svg
        data-testid="icon"
      />
    </div>
    <span
      class="transition-all duration-300 group-hover:translate-x-1 font-semibold"
    >
      Test Feature
    </span>
    <div
      aria-live="polite"
      class="absolute left-1/2 -translate-x-1/2 top-full mt-2 z-20 opacity-0 group-hover:opacity-100 group-focus:opacity-100 pointer-events-none transition-opacity duration-300"
      id=":r0:"
      role="tooltip"
    >
      <span
        class="px-2 py-1 rounded bg-neutral-900/90 text-xs text-neutral-200 shadow-lg border border-neutral-700 whitespace-nowrap"
      >
        Test tooltip
      </span>
    </div>
    <svg
      class="absolute -top-2 -right-2 w-3 h-3 text-white opacity-0 group-hover:opacity-80 transition-all duration-500 group-hover:animate-twinkle"
      fill="currentColor"
      viewBox="0 0 20 20"
    >
      <polygon
        points="10,2 12,8 18,8 13,12 15,18 10,14 5,18 7,12 2,8 8,8"
      />
    </svg>
  </div>
</DocumentFragment>
`;
